// Jest Snapshot v1, https://goo.gl/fbAQLP

exports[`renders a form 1`] = `
<div
  className="addToolForm"
>
  <h1
    className="formTitle"
  >
    Add new tool
  </h1>
  <form
    className="baseForm"
  >
    <label
      className="FormField_Label"
      htmlFor="toolName"
    >
      Tool Name
    </label>
    <input
      className="FormField_Input"
      name="toolName"
      onChange={[Function]}
      placeholder="Enter the tool name"
      required={true}
      type="text"
    />
    <label
      className="FormField_Label"
      htmlFor="toolDescription"
    >
      Tool Description
    </label>
    <textarea
      className="FormField_TextArea"
      name="toolDescription"
      onChange={[Function]}
      type="text"
    />
    <label
      className="FormField_Label"
      htmlFor="toolState"
    >
      State of wear
    </label>
    <select
      defaultValue="Used"
      name="toolState"
    >
      <option
        value="New"
      >
        New
      </option>
      <option
        value="Bit used"
      >
        Bit used
      </option>
      <option
        value="Used"
      >
        Used
      </option>
      <option
        value="Pretty used"
      >
        Pretty used
      </option>
      <option
        value="In bad conditions"
      >
        In bad conditions
      </option>
    </select>
    <div
      className="form-row"
    >
      <div
        className="col"
      >
        <label
          className="FormField_Label"
          htmlFor="price"
        >
          Price
        </label>
        <input
          max="99999.99"
          min="0"
          name="price"
          onChange={[Function]}
          required={true}
          step="0.01"
          type="number"
        />
      </div>
      <div
        className="col"
      >
        <label
          className="FormField_Label"
          htmlFor="currency"
        >
          Currency
        </label>
        <input
          name="currency"
          onChange={[Function]}
          required={true}
          type="text"
        />
      </div>
      <div
        className="col"
      >
        <label
          className="FormField_Label"
          htmlFor="typeOfRent"
        >
          Type of renting
        </label>
        <select
          defaultValue="Per day"
          name="typeOfRent"
        >
          <option
            value="Free"
          >
            Free
          </option>
          <option
            value="Per hours"
          >
            Per hours
          </option>
          <option
            value="Per day"
          >
            Per day
          </option>
          <option
            value="Per week"
          >
            Per week
          </option>
          <option
            value="Per month"
          >
            Per month
          </option>
        </select>
      </div>
    </div>
    <br />
    <div
      className="form-row"
    >
      <label
        htmlFor="pictures"
      >
        Select a file: 
      </label>
      <input
        id="pictures"
        name="pictures"
        onChange={[Function]}
        type="file"
      />
    </div>
    <br />
    <div
      className="FormBtns"
    >
      <input
        className="FormCancelBtn"
        type="button"
        value="Cancel"
      />
      <input
        className="FormSubmitBtn"
        type="submit"
        value="Add tool"
      />
    </div>
  </form>
</div>
`;
